// Jest Snapshot v1, https://goo.gl/fbAQLP

exports[`FlatPreview component renders default layout 1`] = `
<div
  className="FlatPreview"
>
  <span
    onClick={[Function]}
  >
    <img
      alt="flat"
      className="FlatPreview__img"
      src="https://flatbel.s3.amazonaws.com/1470388637305_20160607_180802-1024x1820.jpg"
    />
  </span>
  <div>
    Text
  </div>
  <div>
    Text2
  </div>
  <div
    className="FlatPreview__priceLabel"
  >
    $ 
    25
  </div>
  <div
    className="Slider"
  >
    <div
      className="Slider__item Slider__item--active"
      onClick={[Function]}
    />
  </div>
</div>
`;
